// Jest Snapshot v1, https://goo.gl/fbAQLP

exports[`Left arrow DOM are ok 1`] = `
<div
  data-testid="leftArrow"
  hidden={true}
  onClick={[Function]}
>
  <svg
    aria-hidden={true}
    className="MuiSvgIcon-root"
    focusable="false"
    viewBox="0 0 24 24"
  >
    <path
      d="M11.67 3.87L9.9 2.1 0 12l9.9 9.9 1.77-1.77L3.54 12z"
    />
  </svg>
</div>
`;

exports[`Milestones Bubble DOM are ok 1`] = `
<div
  className="sc-AxjAm frIbEx"
/>
`;
