// Jest Snapshot v1, https://goo.gl/fbAQLP

exports[`Test snapshot for Material Popver component when mounting element is not provided 1`] = `null`;
