// Jest Snapshot v1, https://goo.gl/fbAQLP

exports[`Confirmation Modal 1`] = `null`;
